[www.w3schools.com/python/index.html]
[backblue.gif]
[fade.gif]
[index.html]
[cdn.snigelweb.com/adengine/w3schools.com/loader.js]
[www.w3schools.com/python/pandas/index.html]
[www.w3schools.com/python/python_ml_getting_started.html]
[www.w3schools.com/python/numpy/default.html]
[www.w3schools.com/python/pandas/default.html]
[www.w3schools.com/python/scipy/index.html]
[www.w3schools.com/python/scipy/index-2.html]
[www.w3schools.com/python/numpy/index.html]
[www.w3schools.com/python/matplotlib_intro.html]
[www.w3schools.com/python/default.html]
[www.w3schools.com/python/python_reference.html]
[www.w3schools.com/python/numpy/numpy_exercises.html]
[www.w3schools.com/python/numpy/numpy_quiz.html]
[www.w3schools.com/python/pandas/pandas_exercises.html]
[www.w3schools.com/python/pandas/pandas_quiz.html]
[www.w3schools.com/python/python_exercises.html]
[www.w3schools.com/python/scipy/scipy_quiz.html]
[www.w3schools.com/python/python_quiz.html]
[www.w3schools.com/python/scipy/scipy_exercises.html]
[www.w3schools.com/python/ref_func_input.html]
[www.w3schools.com/python/python_lists.html]
[www.w3schools.com/python/python_arrays.html]
[www.w3schools.com/python/python_numbers.html]
[www.w3schools.com/python/trypython99ba.html]
[www.w3schools.com/python/python_getstarted.html]
[www.w3schools.com/python/python_syntax.html]
[www.w3schools.com/python/python_variables.html]
[www.w3schools.com/python/python_variables_names.html]
[www.w3schools.com/python/python_server.html]
[www.w3schools.com/python/python_intro.html]
[www.w3schools.com/python/python_variables_multiple.html]
[www.w3schools.com/python/python_variables_output.html]
[www.w3schools.com/python/python_variables_global.html]
[www.w3schools.com/python/python_variables_exercises.html]
[www.w3schools.com/python/python_datatypes.html]
[www.w3schools.com/python/python_strings.html]
[www.w3schools.com/python/python_casting.html]
[www.w3schools.com/python/python_strings_slicing.html]
[www.w3schools.com/python/python_comments.html]
[www.w3schools.com/python/python_strings_concatenate.html]
[www.w3schools.com/python/python_strings_modify.html]
[www.w3schools.com/python/python_strings_format.html]
[www.w3schools.com/python/python_strings_escape.html]
[www.w3schools.com/python/python_strings_methods.html]
[www.w3schools.com/python/python_strings_exercises.html]
[www.w3schools.com/python/python_booleans.html]
[www.w3schools.com/python/python_operators.html]
[www.w3schools.com/python/python_lists_access.html]
[www.w3schools.com/python/python_lists_change.html]
[www.w3schools.com/python/python_lists_remove.html]
[www.w3schools.com/python/python_lists_add.html]
[www.w3schools.com/python/python_lists_comprehension.html]
[www.w3schools.com/python/python_lists_loop.html]
[www.w3schools.com/python/python_lists_sort.html]
[www.w3schools.com/python/python_lists_copy.html]
[www.w3schools.com/python/python_lists_join.html]
[www.w3schools.com/python/python_lists_exercises.html]
[www.w3schools.com/python/python_lists_methods.html]
[www.w3schools.com/python/python_tuples_access.html]
[www.w3schools.com/python/python_tuples_update.html]
[www.w3schools.com/python/python_tuples_loop.html]
[www.w3schools.com/python/python_tuples_join.html]
[www.w3schools.com/python/python_tuples_unpack.html]
[www.w3schools.com/python/python_tuples_methods.html]
[www.w3schools.com/python/python_sets.html]
[www.w3schools.com/python/python_tuples_exercises.html]
[www.w3schools.com/python/python_sets_remove.html]
[www.w3schools.com/python/python_sets_add.html]
[www.w3schools.com/python/python_sets_join.html]
[www.w3schools.com/python/python_sets_access.html]
[www.w3schools.com/python/python_sets_exercises.html]
[www.w3schools.com/python/python_dictionaries.html]
[www.w3schools.com/python/python_sets_methods.html]
[www.w3schools.com/python/python_dictionaries_access.html]
[www.w3schools.com/python/python_dictionaries_change.html]
[www.w3schools.com/python/python_sets_loop.html]
[www.w3schools.com/python/python_dictionaries_add.html]
[www.w3schools.com/python/python_dictionaries_remove.html]
[www.w3schools.com/python/python_dictionaries_loop.html]
[www.w3schools.com/python/python_dictionaries_copy.html]
[www.w3schools.com/python/python_dictionaries_nested.html]
[www.w3schools.com/python/python_dictionaries_exercises.html]
[www.w3schools.com/python/python_conditions.html]
[www.w3schools.com/python/python_while_loops.html]
[www.w3schools.com/python/python_for_loops.html]
[www.w3schools.com/python/python_dictionaries_methods.html]
[www.w3schools.com/python/python_functions.html]
[www.w3schools.com/python/python_tuples.html]
[www.w3schools.com/python/python_classes.html]
[www.w3schools.com/python/python_lambda.html]
[www.w3schools.com/python/python_inheritance.html]
[www.w3schools.com/python/python_iterators.html]
[www.w3schools.com/python/python_polymorphism.html]
[www.w3schools.com/python/python_modules.html]
[www.w3schools.com/python/python_datetime.html]
[www.w3schools.com/python/python_scope.html]
[www.w3schools.com/python/python_math.html]
[www.w3schools.com/python/python_json.html]
[www.w3schools.com/python/python_regex.html]
[www.w3schools.com/python/python_try_except.html]
[www.w3schools.com/python/python_user_input.html]
[www.w3schools.com/python/python_pip.html]
[www.w3schools.com/python/python_string_formatting.html]
[www.w3schools.com/python/python_file_handling.html]
[www.w3schools.com/python/python_file_open.html]
[www.w3schools.com/python/python_file_remove.html]
[www.w3schools.com/python/python_file_write.html]
[www.w3schools.com/python/matplotlib_getting_started.html]
[www.w3schools.com/python/matplotlib_pyplot.html]
[www.w3schools.com/python/matplotlib_plotting.html]
[www.w3schools.com/python/matplotlib_markers.html]
[www.w3schools.com/python/matplotlib_line.html]
[www.w3schools.com/python/matplotlib_labels.html]
[www.w3schools.com/python/matplotlib_subplot.html]
[www.w3schools.com/python/matplotlib_grid.html]
[www.w3schools.com/python/matplotlib_scatter.html]
[www.w3schools.com/python/matplotlib_bars.html]
[www.w3schools.com/python/matplotlib_histograms.html]
[www.w3schools.com/python/matplotlib_pie_charts.html]
[www.w3schools.com/python/python_ml_standard_deviation.html]
[www.w3schools.com/python/python_ml_percentile.html]
[www.w3schools.com/python/python_ml_mean_median_mode.html]
[www.w3schools.com/python/python_ml_data_distribution.html]
[www.w3schools.com/python/python_ml_normal_data_distribution.html]
[www.w3schools.com/python/python_ml_linear_regression.html]
[www.w3schools.com/python/python_ml_scatterplot.html]
[www.w3schools.com/python/python_ml_multiple_regression.html]
[www.w3schools.com/python/python_ml_scale.html]
[www.w3schools.com/python/python_ml_train_test.html]
[www.w3schools.com/python/python_ml_decision_tree.html]
[www.w3schools.com/python/python_ml_confusion_matrix.html]
[www.w3schools.com/python/python_ml_hierarchial_clustering.html]
[www.w3schools.com/python/python_ml_logistic_regression.html]
[www.w3schools.com/python/python_ml_grid_search.html]
[www.w3schools.com/python/python_ml_preprocessing.html]
[www.w3schools.com/python/python_ml_k-means.html]
[www.w3schools.com/python/python_ml_bagging.html]
[www.w3schools.com/python/python_ml_cross_validation.html]
[www.w3schools.com/python/python_ml_auc_roc.html]
[www.w3schools.com/python/python_mysql_getstarted.html]
[www.w3schools.com/python/python_mysql_create_db.html]
[www.w3schools.com/python/python_mysql_create_table.html]
[www.w3schools.com/python/python_ml_knn.html]
[www.w3schools.com/python/python_mysql_insert.html]
[www.w3schools.com/python/python_mysql_select.html]
[www.w3schools.com/python/python_mysql_where.html]
[www.w3schools.com/python/python_mysql_orderby.html]
[www.w3schools.com/python/python_mysql_delete.html]
[www.w3schools.com/python/python_mysql_drop_table.html]
[www.w3schools.com/python/python_mysql_update.html]
[www.w3schools.com/python/python_mysql_join.html]
[www.w3schools.com/python/python_mysql_limit.html]
[www.w3schools.com/python/python_mongodb_getstarted.html]
[www.w3schools.com/python/python_mongodb_create_db.html]
[www.w3schools.com/python/python_ml_polynomial_regression.html]
[www.w3schools.com/python/python_mongodb_create_collection.html]
[www.w3schools.com/python/python_mongodb_find.html]
[www.w3schools.com/python/python_mongodb_sort.html]
[www.w3schools.com/python/python_mongodb_query.html]
[www.w3schools.com/python/python_mongodb_insert.html]
[www.w3schools.com/python/python_mongodb_drop_collection.html]
[www.w3schools.com/python/python_mongodb_limit.html]
[www.w3schools.com/python/python_mongodb_update.html]
[www.w3schools.com/python/python_ref_functions.html]
[www.w3schools.com/python/python_ref_list.html]
[www.w3schools.com/python/python_ref_string.html]
[www.w3schools.com/python/python_ref_dictionary.html]
[www.w3schools.com/python/python_ref_tuple.html]
[www.w3schools.com/python/python_ref_set.html]
[www.w3schools.com/python/python_ref_file.html]
[www.w3schools.com/python/python_ref_exceptions.html]
[www.w3schools.com/python/python_ref_keywords.html]
[www.w3schools.com/python/module_requests.html]
[www.w3schools.com/python/module_random.html]
[www.w3schools.com/python/python_ref_glossary.html]
[www.w3schools.com/python/module_statistics.html]
[www.w3schools.com/python/module_math.html]
[www.w3schools.com/python/python_howto_remove_duplicates.html]
[www.w3schools.com/python/module_cmath.html]
[www.w3schools.com/python/python_howto_reverse_string.html]
[www.w3schools.com/python/python_howto_add_two_numbers.html]
[www.w3schools.com/python/python_examples.html]
[www.w3schools.com/python/python_compiler.html]
[www.w3schools.com/python/python_mongodb_delete.html]
[www.w3schools.com/python/python_interview_questions.html]
[www.w3schools.com/python/python_bootcamp.html]
[www.w3schools.com/python/python_exam.html]
[www.w3schools.com/python/xrcise_variables.js]
[www.w3schools.com/python/index.html]
[www.googletagmanager.com/gtm5445.html]
[www.w3schools.com/python/python/index.html]
[www.w3schools.com/python/numpy/numpy_intro.html]
[www.w3schools.com/python/numpy/numpy_getting_started.html]
[www.w3schools.com/python/numpy/numpy_array_indexing.html]
[www.w3schools.com/python/numpy/numpy_creating_arrays.html]
[www.w3schools.com/python/numpy/numpy_array_slicing.html]
[www.w3schools.com/python/numpy/numpy_data_types.html]
[www.w3schools.com/python/numpy/numpy_array_shape.html]
[www.w3schools.com/python/numpy/numpy_array_reshape.html]
[www.w3schools.com/python/numpy/numpy_copy_vs_view.html]
[www.w3schools.com/python/numpy/numpy_array_iterating.html]
[www.w3schools.com/python/numpy/numpy_array_join.html]
[www.w3schools.com/python/numpy/numpy_array_split.html]
[www.w3schools.com/python/numpy/numpy_array_search.html]
[www.w3schools.com/python/numpy/numpy_array_sort.html]
[www.w3schools.com/python/numpy/numpy_array_filter.html]
[www.w3schools.com/python/numpy/numpy_random.html]
[www.w3schools.com/python/numpy/numpy_random_distribution.html]
[www.w3schools.com/python/numpy/numpy_random_seaborn.html]
[www.w3schools.com/python/numpy/numpy_random_permutation.html]
[www.w3schools.com/python/numpy/numpy_random_normal.html]
[www.w3schools.com/python/numpy/numpy_random_binomial.html]
[www.w3schools.com/python/numpy/numpy_random_poisson.html]
[www.w3schools.com/python/numpy/numpy_random_multinomial.html]
[www.w3schools.com/python/numpy/numpy_random_logistic.html]
[www.w3schools.com/python/numpy/numpy_random_uniform.html]
[www.w3schools.com/python/numpy/numpy_random_exponential.html]
[www.w3schools.com/python/numpy/numpy_random_chisquare.html]
[www.w3schools.com/python/numpy/numpy_random_rayleigh.html]
[www.w3schools.com/python/numpy/numpy_random_pareto.html]
[www.w3schools.com/python/numpy/numpy_ufunc.html]
[www.w3schools.com/python/numpy/numpy_ufunc_create_function.html]
[www.w3schools.com/python/numpy/numpy_random_zipf.html]
[www.w3schools.com/python/numpy/numpy_ufunc_simple_arithmetic.html]
[www.w3schools.com/python/numpy/numpy_ufunc_rounding_decimals.html]
[www.w3schools.com/python/numpy/numpy_ufunc_summations.html]
[www.w3schools.com/python/numpy/numpy_ufunc_products.html]
[www.w3schools.com/python/numpy/numpy_ufunc_differences.html]
[www.w3schools.com/python/numpy/numpy_ufunc_logs.html]
[www.w3schools.com/python/numpy/numpy_ufunc_lcm.html]
[www.w3schools.com/python/numpy/numpy_ufunc_trigonometric.html]
[www.w3schools.com/python/numpy/numpy_ufunc_hyperbolic.html]
[www.w3schools.com/python/numpy/numpy_ufunc_gcd.html]
[www.w3schools.com/python/numpy/numpy_compiler.html]
[www.w3schools.com/python/numpy/trypython6919.html]
[www.w3schools.com/python/numpy/xrcise_intro.js]
[www.w3schools.com/python/numpy/numpy_ufunc_set_operations.html]
[www.w3schools.com/python/numpy/index.html]
[www.w3schools.com/python/numpy/numpy_exam.html]
[www.w3schools.com/python/pandas/pandas_intro.html]
[www.w3schools.com/python/pandas/pandas_series.html]
[www.w3schools.com/python/pandas/pandas_getting_started.html]
[www.w3schools.com/python/pandas/pandas_dataframes.html]
[www.w3schools.com/python/pandas/pandas_csv.html]
[www.w3schools.com/python/pandas/pandas_json.html]
[www.w3schools.com/python/pandas/pandas_analyzing.html]
[www.w3schools.com/python/pandas/pandas_cleaning.html]
[www.w3schools.com/python/pandas/pandas_cleaning_empty_cells.html]
[www.w3schools.com/python/pandas/pandas_cleaning_wrong_format.html]
[www.w3schools.com/python/pandas/pandas_cleaning_duplicates.html]
[www.w3schools.com/python/pandas/pandas_cleaning_wrong_data.html]
[www.w3schools.com/python/pandas/pandas_compiler.html]
[www.w3schools.com/python/pandas/pandas_plotting.html]
[www.w3schools.com/python/pandas/pandas_exam.html]
[www.w3schools.com/python/pandas/xrcise_intro.js]
[www.w3schools.com/python/pandas/trypandas4cd0.html]
[www.w3schools.com/python/pandas/index.html]
[www.w3schools.com/python/scipy/scipy_getting_started.html]
[www.w3schools.com/python/scipy/scipy_constants.html]
[www.w3schools.com/python/scipy/scipy_intro.html]
[www.w3schools.com/python/scipy/scipy_optimizers.html]
[www.w3schools.com/python/scipy/scipy_sparse_data.html]
[www.w3schools.com/python/pandas/pandas_ref_dataframe.html]
[www.w3schools.com/python/scipy/scipy_graphs.html]
[www.w3schools.com/python/scipy/scipy_spatial_data.html]
[www.w3schools.com/python/scipy/scipy_interpolation.html]
[www.w3schools.com/python/scipy/scipy_matlab_arrays.html]
[www.w3schools.com/python/scipy/scipy_statistical_significance_tests.html]
[www.w3schools.com/python/scipy/trypython81b2.html]
[www.w3schools.com/python/scipy/xrcise_graphs.js]
[www.w3schools.com/python/scipy/scipy_exam.html]
[www.w3schools.com/python/scipy/scipy_compiler.html]
[www.w3schools.com/python/scipy/index.html]
[www.w3schools.com/python/w3.html]
[www.w3schools.com/python/python_ml_getting_started.html]
[www.w3schools.com/python/numpy/default.html]
[www.w3schools.com/python/pandas/default.html]
[www.w3schools.com/python/scipy/index-2.html]
[www.w3schools.com/python/pandas/pandas_correlations.html]
